../Core/Src/main.c:110:5:main	24	static
../Core/Src/main.c:215:6:SystemClock_Config	88	static
../Core/Src/main.c:262:13:MX_ADC1_Init	56	static
../Core/Src/main.c:330:13:MX_LPUART1_UART_Init	8	static
../Core/Src/main.c:377:13:MX_TIM1_Init	120	static
../Core/Src/main.c:463:13:MX_TIM3_Init	56	static
../Core/Src/main.c:510:13:MX_DMA_Init	16	static
../Core/Src/main.c:529:13:MX_GPIO_Init	48	static
../Core/Src/main.c:566:6:NO1	8	static
../Core/Src/main.c:573:6:NO2	8	static
../Core/Src/main.c:595:7:PlantSimulation	40	static
../Core/Src/main.c:607:6:NO3	8	static
../Core/Src/main.c:614:6:HAL_GPIO_EXTI_Callback	16	static
../Core/Src/main.c:639:6:Error_Handler	4	static,ignoring_inline_asm
